// Jest Snapshot v1, https://goo.gl/fbAQLP

exports[`render Quantity 1`] = `
.c0 {
  height: 15px;
  border: 1px solid lightgray;
  border-radius: 2px;
  padding: 5px;
  width: 158px;
  display: -webkit-box;
  display: -webkit-flex;
  display: -ms-flexbox;
  display: flex;
  -webkit-box-pack: justify;
  -webkit-justify-content: space-between;
  -ms-flex-pack: justify;
  justify-content: space-between;
  margin-top: 10px;
  margin-bottom: 15px;
}

.c4 {
  font-size: 12px;
  margin-right: 7px;
  margin-left: 7px;
}

.c1 {
  font-size: 11px;
  margin-right: 7px;
  margin-left: 3px;
}

.c2 {
  margin-right: 5px;
  margin-top: -3px;
}

.c5 {
  width: 18px;
  height: 18px;
  border-radius: 100%;
  position: relative;
  display: inline-block;
  vertical-align: middle;
  cursor: pointer;
  background: #aaaaaa4f;
}

.c5::before,
.c5::after {
  content: '';
  position: absolute;
  top: 0;
  left: 0;
  right: 0;
  bottom: 0;
}

.c5::before,
.c5::after {
  background: white;
  box-shadow: 1px 1px 1px #ffffff9e;
}

.c5::before {
  width: 2px;
  margin: 4px auto;
}

.c5::after {
  margin: auto 3px;
  height: 2px;
  box-shadow: none;
}

.c3 {
  width: 18px;
  height: 18px;
  border-radius: 100%;
  position: relative;
  display: inline-block;
  vertical-align: middle;
  cursor: pointer;
  background: #aaaaaa4f;
}

.c3::before,
.c3::after {
  content: '';
  position: absolute;
  top: 0;
  left: 0;
  right: 0;
  bottom: 0;
}

.c3::before {
  background: white;
  margin: auto 3px;
  height: 2px;
  box-shadow: 0px 1px 1px #ffffff9e;
}

<div
  className="c0"
>
  <span
    className="c1"
  >
    quantity:
  </span>
  <div
    className="c2"
  >
    <div
      className="c3"
      onClick={[Function]}
    />
    <span
      className="c4"
    >
      1
    </span>
    <div
      className="c5"
      onClick={[Function]}
    />
  </div>
</div>
`;
